# serializer version: 1
# name: TestPublishBridge.test_bridge_discovery_payload
  dict({
    'availability': list([
      dict({
        'payload_available': 'online',
        'payload_not_available': 'offline',
        'topic': 'lcntest/bridge/status',
      }),
    ]),
    'components': dict({
      'lcntest_bridge_status': dict({
        'name': 'Status',
        'platform': 'sensor',
        'state_topic': 'lcntest/bridge/status',
        'unique_id': 'lcntest_bridge_status',
      }),
    }),
    'dev': dict({
      'identifiers': list([
        'lcntest_bridge',
      ]),
      'manufacturer': 'lcn2mqtt',
      'model': 'LCN2MQTT Bridge',
      'name': 'LCN2MQTT Bridge (lcntest)',
    }),
    'o': dict({
      'name': 'lcntest',
      'sw': '0.1.0',
      'url': 'https://github.com/alengwenus/lcn2mqtt',
    }),
  })
# ---
# name: TestPublishModule.test_module_discovery_payload
  dict({
    'availability': list([
      dict({
        'payload_available': 'online',
        'payload_not_available': 'offline',
        'topic': 'lcntest/bridge/status',
      }),
    ]),
    'components': dict({
      'output1': dict({
        'brightness_command_topic': 'lcntest/module/0/7/output/1/set_brightness',
        'brightness_scale': 100,
        'brightness_state_topic': 'lcntest/module/0/7/output/1/brightness',
        'command_topic': 'lcntest/module/0/7/output/1/set',
        'name': 'Output1',
        'payload_off': 'off',
        'payload_on': 'on',
        'platform': 'light',
        'state_off': 'off',
        'state_on': 'on',
        'state_topic': 'lcntest/module/0/7/output/1/state',
        'unique_id': 'lcntest_m000007_light_output1',
      }),
      'output2': dict({
        'brightness_command_topic': 'lcntest/module/0/7/output/2/set_brightness',
        'brightness_scale': 100,
        'brightness_state_topic': 'lcntest/module/0/7/output/2/brightness',
        'command_topic': 'lcntest/module/0/7/output/2/set',
        'name': 'Output2',
        'payload_off': 'off',
        'payload_on': 'on',
        'platform': 'light',
        'state_off': 'off',
        'state_on': 'on',
        'state_topic': 'lcntest/module/0/7/output/2/state',
        'unique_id': 'lcntest_m000007_light_output2',
      }),
      'relay1': dict({
        'command_topic': 'lcntest/module/0/7/relay/1/set',
        'name': 'Relay1',
        'payload_off': 'off',
        'payload_on': 'on',
        'platform': 'switch',
        'state_off': 'off',
        'state_on': 'on',
        'state_topic': 'lcntest/module/0/7/relay/1/state',
        'unique_id': 'lcntest_m000007_switch_relay1',
      }),
      'relay2': dict({
        'command_topic': 'lcntest/module/0/7/relay/2/set',
        'name': 'Relay2',
        'payload_off': 'off',
        'payload_on': 'on',
        'platform': 'switch',
        'state_off': 'off',
        'state_on': 'on',
        'state_topic': 'lcntest/module/0/7/relay/2/state',
        'unique_id': 'lcntest_m000007_switch_relay2',
      }),
      'relay3': dict({
        'command_topic': 'lcntest/module/0/7/relay/3/set',
        'name': 'Relay3',
        'payload_off': 'off',
        'payload_on': 'on',
        'platform': 'switch',
        'state_off': 'off',
        'state_on': 'on',
        'state_topic': 'lcntest/module/0/7/relay/3/state',
        'unique_id': 'lcntest_m000007_switch_relay3',
      }),
      'relay4': dict({
        'command_topic': 'lcntest/module/0/7/relay/4/set',
        'name': 'Relay4',
        'payload_off': 'off',
        'payload_on': 'on',
        'platform': 'switch',
        'state_off': 'off',
        'state_on': 'on',
        'state_topic': 'lcntest/module/0/7/relay/4/state',
        'unique_id': 'lcntest_m000007_switch_relay4',
      }),
      'relay5': dict({
        'command_topic': 'lcntest/module/0/7/relay/5/set',
        'name': 'Relay5',
        'payload_off': 'off',
        'payload_on': 'on',
        'platform': 'switch',
        'state_off': 'off',
        'state_on': 'on',
        'state_topic': 'lcntest/module/0/7/relay/5/state',
        'unique_id': 'lcntest_m000007_switch_relay5',
      }),
      'relay6': dict({
        'command_topic': 'lcntest/module/0/7/relay/6/set',
        'name': 'Relay6',
        'payload_off': 'off',
        'payload_on': 'on',
        'platform': 'switch',
        'state_off': 'off',
        'state_on': 'on',
        'state_topic': 'lcntest/module/0/7/relay/6/state',
        'unique_id': 'lcntest_m000007_switch_relay6',
      }),
      'relay7': dict({
        'command_topic': 'lcntest/module/0/7/relay/7/set',
        'name': 'Relay7',
        'payload_off': 'off',
        'payload_on': 'on',
        'platform': 'switch',
        'state_off': 'off',
        'state_on': 'on',
        'state_topic': 'lcntest/module/0/7/relay/7/state',
        'unique_id': 'lcntest_m000007_switch_relay7',
      }),
      'relay8': dict({
        'command_topic': 'lcntest/module/0/7/relay/8/set',
        'name': 'Relay8',
        'payload_off': 'off',
        'payload_on': 'on',
        'platform': 'switch',
        'state_off': 'off',
        'state_on': 'on',
        'state_topic': 'lcntest/module/0/7/relay/8/state',
        'unique_id': 'lcntest_m000007_switch_relay8',
      }),
    }),
    'dev': dict({
      'hw_version': 'm000007',
      'identifiers': list([
        'lcntest_m000007',
      ]),
      'manufacturer': 'Issendorff',
      'model': 'UnknownModuleType',
      'name': 'LCN M000007',
      'serial_number': '0x-1',
      'sw_version': '0x-1',
      'via_device': 'lcntest_bridge',
    }),
    'o': dict({
      'name': 'lcntest',
      'sw': '0.1.0',
      'url': 'https://github.com/alengwenus/lcn2mqtt',
    }),
  })
# ---
